============================================================
  SEPO SFT Warm Start — Data Generation (IPD)
============================================================
  Episodes/opponent : 200
  Opponents         : ['always-cooperate', 'always-defect', 'tit-for-tat', 'generous-tit-for-tat', 'grim-trigger']
  Total episodes    : 1000
  Expected examples : 8000
  Strategy weights  : TFT=0.350  Grim=0.250  AlwaysD=0.300  GenTFT=0.050  AlwaysC=0.050

Generating episodes...

  Total examples : 8000
  Opponents      : 5
  Episodes/opp   : 200
  Rounds/episode : 8

  Action distribution:
    <SILENT>  (cooperate):  4624  (57.8%)
    <TESTIFY> (defect):     3376  (42.2%)

  Per-strategy breakdown (actions):
    grim-trigger               coop= 82.3%  ████████████████
    tit-for-tat                coop= 80.9%  ████████████████
    always-defect              coop=  0.0%  
    always-cooperate           coop=100.0%  ████████████████████
    generous-tit-for-tat       coop= 90.2%  ██████████████████

  Per-opponent breakdown (actions):
    vs. always-cooperate        coop= 69.0%
    vs. always-defect           coop= 12.5%
    vs. tit-for-tat             coop= 69.0%
    vs. generous-tit-for-tat    coop= 70.5%
    vs. grim-trigger            coop= 68.0%

Writing dataset to /root/workspace/sepo/sepo_sft_data_v2/
  Saved   6400 examples → /root/workspace/sepo/sepo_sft_data_v2/train.jsonl
  Saved   1600 examples → /root/workspace/sepo/sepo_sft_data_v2/valid.jsonl
  Saved stats       → /root/workspace/sepo/sepo_sft_data_v2/stats.json

Done. Next steps:
  1. pip install mlx-lm
  2. mlx_lm.lora \
       --model google/gemma-3-4b-it \
       --train \
       --data .//root/workspace/sepo/sepo_sft_data_v2 \
       --iters 1000 \
       --batch-size 4 \
       --lora-layers 8 \
       --dtype bfloat16

  3. mlx_lm.fuse \
       --model google/gemma-3-4b-it \
       --adapter-path mlx_model \
       --save-path ./gemma-sepo-sft-merged

  4. huggingface-cli upload <username>/gemma-sepo-sft-ipd ./gemma-sepo-sft-merged
